Microchip MPLAB XC8 Compiler V2.50

Linker command line:

-W-3 \
  --edf=C:\Program Files\Microchip\xc8\v2.50\pic\dat\20240725155939_en.msgs \
  -cn \
  -h+dist/default/debug\StarterBoardV1-PIC16F1783-PwmMotorSpeed.X.debug.sym \
  --cmf=dist/default/debug\StarterBoardV1-PIC16F1783-PwmMotorSpeed.X.debug.cmf \
  -z -Q16F1783 -oC:\Users\i9bal\AppData\Local\Temp\xcBs7hc.1\driver_tmp_3.o \
  --defsym=__MPLAB_BUILD=1 --fixupoverflow=error \
  -Mdist/default/debug/StarterBoardV1-PIC16F1783-PwmMotorSpeed.X.debug.map \
  --md=C:\Users\i9bal\AppData\Local\Temp\xcBs7hc.1\driver_tmp_0.dat -E1 \
  -ver=XC8 Compiler --acfsm=1493 -ACODE=00h-07FFhx2 -ASTRCODE=00h-0FFFh \
  -ASTRING=00h-0FFhx16 -ACONST=00h-0FFhx16 -AENTRY=00h-0FFhx16 \
  -ACOMMON=070h-07Fh -ABANK0=020h-06Fh -ABANK1=0A0h-0EFh \
  -ABANK2=0120h-016Fh -ABANK3=01A0h-01EFh -ABANK4=0220h-026Fh \
  -ABANK5=02A0h-02EFh -ABIGRAM=02000h-021DFh \
  -ARAM=020h-06Fh,0A0h-0EFh,0120h-016Fh,01A0h-01EFh,0220h-026Fh,02A0h-02EFh \
  -AABS1=020h-07Fh,0A0h-0EFh,0120h-016Fh,01A0h-01EFh,0220h-026Fh,02A0h-02EFh,0320h-032Fh \
  -ASFR0=00h-01Fh -ASFR1=080h-09Fh -ASFR2=0100h-011Fh -ASFR3=0180h-019Fh \
  -ASFR4=0200h-021Fh -ASFR5=0280h-029Fh -ASFR6=0300h-036Fh \
  -ASFR7=0380h-03EFh -ASFR8=0400h-046Fh -ASFR9=0480h-04EFh \
  -ASFR10=0500h-056Fh -ASFR11=0580h-05EFh -ASFR12=0600h-066Fh \
  -ASFR13=0680h-06EFh -ASFR14=0700h-076Fh -ASFR15=0780h-07EFh \
  -ASFR16=0800h-086Fh -ASFR17=0880h-08EFh -ASFR18=0900h-096Fh \
  -ASFR19=0980h-09EFh -ASFR20=0A00h-0A6Fh -ASFR21=0A80h-0AEFh \
  -ASFR22=0B00h-0B6Fh -ASFR23=0B80h-0BEFh -ASFR24=0C00h-0C6Fh \
  -ASFR25=0C80h-0CEFh -ASFR26=0D00h-0D6Fh -ASFR27=0D80h-0DEFh \
  -ASFR28=0E00h-0E6Fh -ASFR29=0E80h-0EEFh -ASFR30=0F00h-0F6Fh \
  -ASFR31=0F80h-0FEFh -ACONFIG=08007h-08008h -DCONFIG=2 \
  -AIDLOC=08000h-08003h -DIDLOC=2 -AEEDATA=00h-0FFh/0F000h \
  -peeprom_data=EEDATA -DEEDATA=2 -DCODE=2 -DSTRCODE=2 -DSTRING=2 -DCONST=2 \
  -DENTRY=2 -preset_vec=00h,intentry,sivt,init,end_init -ppowerup=CODE \
  -pcinit=CODE -pfunctab=ENTRY -k \
  C:\Users\i9bal\AppData\Local\Temp\xcBs7hc.1\driver_tmp_15.o \
  dist/default/debug\StarterBoardV1-PIC16F1783-PwmMotorSpeed.X.debug.o 

Object code version is 3.11

Machine type is 16F1783



                Name                               Link     Load   Length Selector   Space Scale
C:\Users\i9bal\AppData\Local\Temp\xcBs7hc.1\driver_tmp_15.o
                end_init                              2        2        2        0       0
                reset_vec                             0        0        2        0       0
                config                             8007     8007        2        0       4
dist/default/debug\StarterBoardV1-PIC16F1783-PwmMotorSpeed.X.debug.o
                cinit                               7FD      7FD        3      FFA       0
                config                             8007     8007        2        0       4
                text22                              345      345        D      68A       0
                text21                              39F      39F       16      73E       0
                text20                              400      400       29      800       0
                text19                              305      305        5      60A       0
                text18                              30A      30A        5      614       0
                text17                              318      318        B      630       0
                text16                              492      492       88      924       0
                text15                              323      323        B      646       0
                text14                              429      429       33      852       0
                text13                              352      352       10      6A4       0
                text12                              45C      45C       36      8B8       0
                text11                              3E3      3E3       1D      7C6       0
                text10                              51A      51A       8B      A34       0
                text9                               362      362       13      6C4       0
                text8                               375      375       15      6EA       0
                text7                               32E      32E        B      65C       0
                text6                               3B5      3B5       17      76A       0
                text5                               3CC      3CC       17      798       0
                text4                               5A5      5A5       D4      B4A       0
                text3                               38A      38A       15      714       0
                text2                               339      339        C      672       0
                text1                               679      679      184      CF2       0
                maintext                            30F      30F        9      61E       0
                cstackBANK0                          20       20       2B       20       1
                cstackCOMMON                         70       70        E       70       1
                stringtext6                         828      828        6     1000       0
                stringtext5                         822      822        6     1000       0
                stringtext4                         81C      81C        6     1000       0
                stringtext3                         816      816        6     1000       0
                stringtext2                         810      810        6     1000       0
                stringtext1                         800      800       10     1000       0

TOTAL           Name                               Link     Load   Length     Space
        CLASS   CODE           
                end_init                              2        2        2         0
                cinit                               7FD      7FD        3         0
                reset_vec                             0        0        2         0
                text22                              345      345        D         0
                text21                              39F      39F       16         0
                text20                              400      400       29         0
                text19                              305      305        5         0
                text18                              30A      30A        5         0
                text17                              318      318        B         0
                text16                              492      492       88         0
                text15                              323      323        B         0
                text14                              429      429       33         0
                text13                              352      352       10         0
                text12                              45C      45C       36         0
                text11                              3E3      3E3       1D         0
                text10                              51A      51A       8B         0
                text9                               362      362       13         0
                text8                               375      375       15         0
                text7                               32E      32E        B         0
                text6                               3B5      3B5       17         0
                text5                               3CC      3CC       17         0
                text4                               5A5      5A5       D4         0
                text3                               38A      38A       15         0
                text2                               339      339        C         0
                text1                               679      679      184         0
                maintext                            30F      30F        9         0

        CLASS   STRCODE        
                stringtext6                         828      828        6         0
                stringtext5                         822      822        6         0
                stringtext4                         81C      81C        6         0
                stringtext3                         816      816        6         0
                stringtext2                         810      810        6         0
                stringtext1                         800      800       10         0

        CLASS   STRING         

        CLASS   CONST          

        CLASS   ENTRY          

        CLASS   COMMON         
                cstackCOMMON                         70       70        E         1

        CLASS   BANK0          
                cstackBANK0                          20       20       2B         1

        CLASS   BANK1          

        CLASS   BANK2          

        CLASS   BANK3          

        CLASS   BANK4          

        CLASS   BANK5          

        CLASS   BIGRAM         

        CLASS   RAM            

        CLASS   ABS1           
                abs_s1                               7E       7E        2         1

        CLASS   SFR0           

        CLASS   SFR1           

        CLASS   SFR2           

        CLASS   SFR3           

        CLASS   SFR4           

        CLASS   SFR5           

        CLASS   SFR6           

        CLASS   SFR7           

        CLASS   SFR8           

        CLASS   SFR9           

        CLASS   SFR10          

        CLASS   SFR11          

        CLASS   SFR12          

        CLASS   SFR13          

        CLASS   SFR14          

        CLASS   SFR15          

        CLASS   SFR16          

        CLASS   SFR17          

        CLASS   SFR18          

        CLASS   SFR19          

        CLASS   SFR20          

        CLASS   SFR21          

        CLASS   SFR22          

        CLASS   SFR23          

        CLASS   SFR24          

        CLASS   SFR25          

        CLASS   SFR26          

        CLASS   SFR27          

        CLASS   SFR28          

        CLASS   SFR29          

        CLASS   SFR30          

        CLASS   SFR31          

        CLASS   CONFIG         
                config                             8007     8007        2         4

        CLASS   IDLOC          

        CLASS   EEDATA         

        CLASS   BANK31         

        CLASS   BANK30         

        CLASS   BANK29         

        CLASS   BANK28         

        CLASS   BANK27         

        CLASS   BANK26         

        CLASS   BANK25         

        CLASS   BANK24         

        CLASS   BANK23         

        CLASS   BANK22         

        CLASS   BANK21         

        CLASS   BANK20         

        CLASS   BANK19         

        CLASS   BANK18         

        CLASS   BANK17         

        CLASS   BANK16         

        CLASS   BANK15         

        CLASS   BANK14         

        CLASS   BANK13         

        CLASS   BANK12         

        CLASS   BANK11         

        CLASS   BANK10         

        CLASS   BANK9          

        CLASS   BANK8          

        CLASS   BANK7          

        CLASS   BANK6          

        CLASS   HEAP           

        CLASS   STACK          



SEGMENTS        Name                           Load    Length   Top    Selector   Space  Class     Delta

                reset_vec                      000000  000004  000004         0       0  CODE        2
                cstackBANK0                    000020  00002B  00004B        20       1  BANK0       1
                cstackCOMMON                   000070  00000E  00007E        70       1  COMMON      1
                text19                         000305  000005  00030A       60A       0  CODE        2
                text18                         00030A  000005  00030F       614       0  CODE        2
                maintext                       00030F  000009  000318       61E       0  CODE        2
                text17                         000318  00000B  000323       630       0  CODE        2
                text15                         000323  00000B  00032E       646       0  CODE        2
                text7                          00032E  00000B  000339       65C       0  CODE        2
                text2                          000339  00000C  000345       672       0  CODE        2
                text22                         000345  00000D  000352       68A       0  CODE        2
                text13                         000352  000010  000362       6A4       0  CODE        2
                text9                          000362  000013  000375       6C4       0  CODE        2
                text8                          000375  000015  00038A       6EA       0  CODE        2
                text3                          00038A  000015  00039F       714       0  CODE        2
                text21                         00039F  000016  0003B5       73E       0  CODE        2
                text6                          0003B5  000017  0003CC       76A       0  CODE        2
                text5                          0003CC  000017  0003E3       798       0  CODE        2
                text11                         0003E3  00001D  000400       7C6       0  CODE        2
                text20                         000400  000029  000429       800       0  CODE        2
                text14                         000429  000033  00045C       852       0  CODE        2
                text12                         00045C  000036  000492       8B8       0  CODE        2
                text16                         000492  000088  00051A       924       0  CODE        2
                text10                         00051A  00008B  0005A5       A34       0  CODE        2
                text4                          0005A5  0000D4  000679       B4A       0  CODE        2
                text1                          000679  000184  0007FD       CF2       0  CODE        2
                cinit                          0007FD  000003  000800       FFA       0  CODE        2
                stringtext1                    000800  00002E  00082E      1000       0  STRCODE     2


UNUSED ADDRESS RANGES

        Name                Unused          Largest block    Delta
        BANK0            0004B-0006F              25           1
        BANK1            000A0-000EF              50           1
        BANK2            00120-0016F              50           1
        BANK3            001A0-001EF              50           1
        BANK4            00220-0026F              50           1
        BANK5            002A0-002EF              50           1
        BIGRAM           02000-021DF             1E0           1
        CODE             00004-00304             301           2
                         0082E-00FFF             7D2
        CONST            00004-00304             100           2
                         0082E-00FFF             100
        EEDATA           0F000-0F0FF             100           2
        ENTRY            00004-00304             100           2
                         0082E-00FFF             100
        IDLOC            08000-08003               4           2
        RAM              0004B-0006F              25           1
                         000A0-000EF              50
                         00120-0016F              50
                         001A0-001EF              50
                         00220-0026F              50
                         002A0-002EF              50
        SFR0             00000-0001F              20           1
        SFR1             00080-0009F              20           1
        SFR10            00500-0056F              70           1
        SFR11            00580-005EF              70           1
        SFR12            00600-0066F              70           1
        SFR13            00680-006EF              70           1
        SFR14            00700-0076F              70           1
        SFR15            00780-007EF              70           1
        SFR16            00800-0086F              70           1
        SFR17            00880-008EF              70           1
        SFR18            00900-0096F              70           1
        SFR19            00980-009EF              70           1
        SFR2             00100-0011F              20           1
        SFR20            00A00-00A6F              70           1
        SFR21            00A80-00AEF              70           1
        SFR22            00B00-00B6F              70           1
        SFR23            00B80-00BEF              70           1
        SFR24            00C00-00C6F              70           1
        SFR25            00C80-00CEF              70           1
        SFR26            00D00-00D6F              70           1
        SFR27            00D80-00DEF              70           1
        SFR28            00E00-00E6F              70           1
        SFR29            00E80-00EEF              70           1
        SFR3             00180-0019F              20           1
        SFR30            00F00-00F6F              70           1
        SFR31            00F80-00FEF              70           1
        SFR4             00200-0021F              20           1
        SFR5             00280-0029F              20           1
        SFR6             00300-0036F              70           1
        SFR7             00380-003EF              70           1
        SFR8             00400-0046F              70           1
        SFR9             00480-004EF              70           1
        STRCODE          00004-00304             301           2
                         0082E-00FFF             7D2
        STRING           00004-00304             100           2
                         0082E-00FFF             100

                                  Symbol Table

?___aldiv                         cstackCOMMON 00070
?_labs                            cstackCOMMON 00070
_ANSELAbits                       (abs)        0018C
_ANSELBbits                       (abs)        0018D
_APFCONbits                       (abs)        0011D
_CCP1CONbits                      (abs)        00293
_CCPR1L                           (abs)        00291
_LATBbits                         (abs)        0010D
_LATCbits                         (abs)        0010E
_PORTAbits                        (abs)        0000C
_PR2                              (abs)        0001B
_T2CONbits                        (abs)        0001C
_TRISAbits                        (abs)        0008C
_TRISBbits                        (abs)        0008D
_TRISCbits                        (abs)        0008E
__H__absolute__                   __absolute__ 00000
__Habs1                           abs1         00000
__Hbank0                          bank0        00000
__Hbank1                          bank1        00000
__Hbank10                         bank10       00000
__Hbank11                         bank11       00000
__Hbank12                         bank12       00000
__Hbank13                         bank13       00000
__Hbank14                         bank14       00000
__Hbank15                         bank15       00000
__Hbank16                         bank16       00000
__Hbank17                         bank17       00000
__Hbank18                         bank18       00000
__Hbank19                         bank19       00000
__Hbank2                          bank2        00000
__Hbank20                         bank20       00000
__Hbank21                         bank21       00000
__Hbank22                         bank22       00000
__Hbank23                         bank23       00000
__Hbank24                         bank24       00000
__Hbank25                         bank25       00000
__Hbank26                         bank26       00000
__Hbank27                         bank27       00000
__Hbank28                         bank28       00000
__Hbank29                         bank29       00000
__Hbank3                          bank3        00000
__Hbank30                         bank30       00000
__Hbank31                         bank31       00000
__Hbank4                          bank4        00000
__Hbank5                          bank5        00000
__Hbank6                          bank6        00000
__Hbank7                          bank7        00000
__Hbank8                          bank8        00000
__Hbank9                          bank9        00000
__Hbigram                         bigram       00000
__Hcinit                          cinit        00800
__Hclrtext                        clrtext      00000
__Hcode                           code         00000
__Hcommon                         common       00000
__Hconfig                         config       08009
__HcstackBANK0                    cstackBANK0  00000
__HcstackCOMMON                   cstackCOMMON 00000
__Heeprom_data                    eeprom_data  00000
__Hend_init                       end_init     00004
__Hfunctab                        functab      00000
__Hheap                           heap         00000
__Hinit                           init         00002
__Hintentry                       intentry     00002
__Hmaintext                       maintext     00000
__Hpowerup                        powerup      00000
__Hram                            ram          00000
__Hreset_vec                      reset_vec    00002
__Hsfr0                           sfr0         00000
__Hsfr1                           sfr1         00000
__Hsfr10                          sfr10        00000
__Hsfr11                          sfr11        00000
__Hsfr12                          sfr12        00000
__Hsfr13                          sfr13        00000
__Hsfr14                          sfr14        00000
__Hsfr15                          sfr15        00000
__Hsfr16                          sfr16        00000
__Hsfr17                          sfr17        00000
__Hsfr18                          sfr18        00000
__Hsfr19                          sfr19        00000
__Hsfr2                           sfr2         00000
__Hsfr20                          sfr20        00000
__Hsfr21                          sfr21        00000
__Hsfr22                          sfr22        00000
__Hsfr23                          sfr23        00000
__Hsfr24                          sfr24        00000
__Hsfr25                          sfr25        00000
__Hsfr26                          sfr26        00000
__Hsfr27                          sfr27        00000
__Hsfr28                          sfr28        00000
__Hsfr29                          sfr29        00000
__Hsfr3                           sfr3         00000
__Hsfr30                          sfr30        00000
__Hsfr31                          sfr31        00000
__Hsfr4                           sfr4         00000
__Hsfr5                           sfr5         00000
__Hsfr6                           sfr6         00000
__Hsfr7                           sfr7         00000
__Hsfr8                           sfr8         00000
__Hsfr9                           sfr9         00000
__Hsivt                           sivt         00002
__Hspace_0                        (abs)        0082E
__Hspace_1                        (abs)        0007E
__Hspace_2                        (abs)        00000
__Hspace_3                        (abs)        00000
__Hspace_4                        (abs)        10010
__Hstack                          stack        00000
__Hstrings                        strings      00000
__Hstringtext1                    stringtext1  00000
__Hstringtext2                    stringtext2  00000
__Hstringtext3                    stringtext3  00000
__Hstringtext4                    stringtext4  00000
__Hstringtext5                    stringtext5  00000
__Hstringtext6                    stringtext6  00000
__Hstringtext7                    stringtext7  00000
__Htext                           text         00000
__L__absolute__                   __absolute__ 00000
__Labs1                           abs1         00000
__Lbank0                          bank0        00000
__Lbank1                          bank1        00000
__Lbank10                         bank10       00000
__Lbank11                         bank11       00000
__Lbank12                         bank12       00000
__Lbank13                         bank13       00000
__Lbank14                         bank14       00000
__Lbank15                         bank15       00000
__Lbank16                         bank16       00000
__Lbank17                         bank17       00000
__Lbank18                         bank18       00000
__Lbank19                         bank19       00000
__Lbank2                          bank2        00000
__Lbank20                         bank20       00000
__Lbank21                         bank21       00000
__Lbank22                         bank22       00000
__Lbank23                         bank23       00000
__Lbank24                         bank24       00000
__Lbank25                         bank25       00000
__Lbank26                         bank26       00000
__Lbank27                         bank27       00000
__Lbank28                         bank28       00000
__Lbank29                         bank29       00000
__Lbank3                          bank3        00000
__Lbank30                         bank30       00000
__Lbank31                         bank31       00000
__Lbank4                          bank4        00000
__Lbank5                          bank5        00000
__Lbank6                          bank6        00000
__Lbank7                          bank7        00000
__Lbank8                          bank8        00000
__Lbank9                          bank9        00000
__Lbigram                         bigram       00000
__Lcinit                          cinit        007FD
__Lclrtext                        clrtext      00000
__Lcode                           code         00000
__Lcommon                         common       00000
__Lconfig                         config       00000
__LcstackBANK0                    cstackBANK0  00000
__LcstackCOMMON                   cstackCOMMON 00000
__Leeprom_data                    eeprom_data  00000
__Lend_init                       end_init     00002
__Lfunctab                        functab      00000
__Lheap                           heap         00000
__Linit                           init         00002
__Lintentry                       intentry     00002
__Lmaintext                       maintext     00000
__Lpowerup                        powerup      00000
__Lram                            ram          00000
__Lreset_vec                      reset_vec    00000
__Lsfr0                           sfr0         00000
__Lsfr1                           sfr1         00000
__Lsfr10                          sfr10        00000
__Lsfr11                          sfr11        00000
__Lsfr12                          sfr12        00000
__Lsfr13                          sfr13        00000
__Lsfr14                          sfr14        00000
__Lsfr15                          sfr15        00000
__Lsfr16                          sfr16        00000
__Lsfr17                          sfr17        00000
__Lsfr18                          sfr18        00000
__Lsfr19                          sfr19        00000
__Lsfr2                           sfr2         00000
__Lsfr20                          sfr20        00000
__Lsfr21                          sfr21        00000
__Lsfr22                          sfr22        00000
__Lsfr23                          sfr23        00000
__Lsfr24                          sfr24        00000
__Lsfr25                          sfr25        00000
__Lsfr26                          sfr26        00000
__Lsfr27                          sfr27        00000
__Lsfr28                          sfr28        00000
__Lsfr29                          sfr29        00000
__Lsfr3                           sfr3         00000
__Lsfr30                          sfr30        00000
__Lsfr31                          sfr31        00000
__Lsfr4                           sfr4         00000
__Lsfr5                           sfr5         00000
__Lsfr6                           sfr6         00000
__Lsfr7                           sfr7         00000
__Lsfr8                           sfr8         00000
__Lsfr9                           sfr9         00000
__Lsivt                           sivt         00002
__Lspace_0                        (abs)        00000
__Lspace_1                        (abs)        00000
__Lspace_2                        (abs)        00000
__Lspace_3                        (abs)        00000
__Lspace_4                        (abs)        00000
__Lstack                          stack        00000
__Lstrings                        strings      00000
__Lstringtext1                    stringtext1  00000
__Lstringtext2                    stringtext2  00000
__Lstringtext3                    stringtext3  00000
__Lstringtext4                    stringtext4  00000
__Lstringtext5                    stringtext5  00000
__Lstringtext6                    stringtext6  00000
__Lstringtext7                    stringtext7  00000
__Ltext                           text         00000
__S0                              (abs)        0082E
__S1                              (abs)        0007E
__S3                              (abs)        00000
___aldiv                          text10       0051A
___aldiv@counter                  cstackCOMMON 00078
___aldiv@dividend                 cstackCOMMON 00074
___aldiv@divisor                  cstackCOMMON 00070
___aldiv@quotient                 cstackCOMMON 0007A
___aldiv@sign                     cstackCOMMON 00079
___bmul                           text9        00362
___bmul@multiplicand              cstackCOMMON 00070
___bmul@multiplier                cstackCOMMON 00072
___bmul@product                   cstackCOMMON 00071
___heap_hi                        (abs)        00000
___heap_lo                        (abs)        00000
___int_sp                         stack        00000
___int_stack_hi                   stack        00000
___int_stack_lo                   stack        00000
___latbits                        (abs)        00001
___sp                             stack        00000
___stack_hi                       stack        00000
___stack_lo                       stack        00000
___stackhi                        (abs)        00000
___stacklo                        (abs)        00000
__end_of___aldiv                  text10       005A5
__end_of___bmul                   text9        00375
__end_of__initialization          cinit        007FD
__end_of_delay_ms                 text20       00429
__end_of_delay_x1o5us             text22       00352
__end_of_delay_x24o25us           text21       003B5
__end_of_labs                     text8        0038A
__end_of_lcd_DelayPulse           text18       0030F
__end_of_lcd_DelaySetupTime       text19       0030A
__end_of_lcd_EPulse               text17       00323
__end_of_lcd_Goto                 text11       00400
__end_of_lcd_Initialize           text14       0045C
__end_of_lcd_PrintChar            text7        00339
__end_of_lcd_PrintCmd             text15       0032E
__end_of_lcd_PrintDigitInt32      text4        00679
__end_of_lcd_PrintString          text6        003CC
__end_of_lcd_WriteData            text16       0051A
__end_of_main                     maintext     00318
__end_of_memset                   text5        003E3
__end_of_motor_Initialize         text13       00362
__end_of_motor_SetSpeed           text3        0039F
__end_of_pb_DelayDebounce         text2        00345
__end_of_programInitialize        text12       00492
__end_of_programLoop              text1        007FD
__initialization                  cinit        007FD
__pcstackBANK0                    cstackBANK0  00020
__pcstackCOMMON                   cstackCOMMON 00070
__pmaintext                       maintext     0030F
__pstringtext1                    stringtext1  00800
__pstringtext2                    stringtext2  00810
__pstringtext3                    stringtext3  00816
__pstringtext4                    stringtext4  0081C
__pstringtext5                    stringtext5  00822
__pstringtext6                    stringtext6  00828
__pstringtext7                    stringtext7  00000
__ptext1                          text1        00679
__ptext10                         text10       0051A
__ptext11                         text11       003E3
__ptext12                         text12       0045C
__ptext13                         text13       00352
__ptext14                         text14       00429
__ptext15                         text15       00323
__ptext16                         text16       00492
__ptext17                         text17       00318
__ptext18                         text18       0030A
__ptext19                         text19       00305
__ptext2                          text2        00339
__ptext20                         text20       00400
__ptext21                         text21       0039F
__ptext22                         text22       00345
__ptext3                          text3        0038A
__ptext4                          text4        005A5
__ptext5                          text5        003CC
__ptext6                          text6        003B5
__ptext7                          text7        0032E
__ptext8                          text8        00375
__ptext9                          text9        00362
_delay_ms                         text20       00400
_delay_x1o5us                     text22       00345
_delay_x24o25us                   text21       0039F
_labs                             text8        00375
_lcd_DelayPulse                   text18       0030A
_lcd_DelaySetupTime               text19       00305
_lcd_EPulse                       text17       00318
_lcd_Goto                         text11       003E3
_lcd_Initialize                   text14       00429
_lcd_PrintChar                    text7        0032E
_lcd_PrintCmd                     text15       00323
_lcd_PrintDigitInt32              text4        005A5
_lcd_PrintString                  text6        003B5
_lcd_WriteData                    text16       00492
_main                             maintext     0030F
_memset                           text5        003CC
_motor_Initialize                 text13       00352
_motor_SetSpeed                   text3        0038A
_pb_DelayDebounce                 text2        00339
_programInitialize                text12       0045C
_programLoop                      text1        00679
btemp                             (abs)        0007E
delay_ms@delay                    cstackCOMMON 00076
delay_ms@i                        cstackCOMMON 0007A
delay_x1o5us@delay                cstackCOMMON 00070
delay_x1o5us@i                    cstackCOMMON 00071
delay_x24o25us@delay              cstackCOMMON 00072
delay_x24o25us@i                  cstackCOMMON 00074
end_of_initialization             cinit        007FD
intlevel0                         functab      00000
intlevel1                         functab      00000
intlevel2                         functab      00000
intlevel3                         functab      00000
intlevel4                         functab      00000
intlevel5                         functab      00000
labs@a                            cstackCOMMON 00070
lcd_Goto@x                        cstackCOMMON 00076
lcd_Goto@y                        cstackCOMMON 00077
lcd_PrintChar@character           cstackCOMMON 00075
lcd_PrintCmd@command              cstackCOMMON 00075
lcd_PrintDigitInt32@enSign        cstackBANK0  00025
lcd_PrintDigitInt32@enZero        cstackBANK0  00026
lcd_PrintDigitInt32@i1            cstackBANK0  00048
lcd_PrintDigitInt32@i2            cstackBANK0  00046
lcd_PrintDigitInt32@noDigit       cstackBANK0  00024
lcd_PrintDigitInt32@number        cstackBANK0  00020
lcd_PrintDigitInt32@numberChar    cstackBANK0  00036
lcd_PrintDigitInt32@numberRevChar cstackBANK0  0002B
lcd_PrintDigitInt32@tempC         cstackBANK0  00045
lcd_PrintDigitInt32@tempN         cstackBANK0  00041
lcd_PrintDigitInt32@totalDigit    cstackBANK0  00047
lcd_PrintString@string            cstackCOMMON 00076
lcd_WriteData@data                cstackCOMMON 00074
memset@c                          cstackCOMMON 00071
memset@dest                       cstackCOMMON 00070
memset@n                          cstackCOMMON 00073
memset@p                          cstackCOMMON 00075
motor_SetSpeed@pwm                cstackCOMMON 00070
programLoop@motorSpeed            cstackBANK0  00049
reset_vec                         reset_vec    00000
start                             init         00002
start_initialization              cinit        007FD
wtemp0                            (abs)        0007E


MODULE INFORMATION

Module		Function		Class		Link	Load	Size
program.c
		_lcd_Goto      		CODE           	03E3	0000	29
		_lcd_PrintCmd  		CODE           	0323	0000	11
		_lcd_PrintChar 		CODE           	032E	0000	11
		_programLoop   		CODE           	0679	0000	388
		_lcd_WriteData 		CODE           	0492	0000	136
		_delay_x1o5us  		CODE           	0345	0000	13
		_lcd_PrintString		CODE           	03B5	0000	23
		_lcd_PrintDigitInt32		CODE           	05A5	0000	212
		_delay_x24o25us		CODE           	039F	0000	22
		_programInitialize		CODE           	045C	0000	54
		_pb_DelayDebounce		CODE           	0339	0000	12
		_lcd_EPulse    		CODE           	0318	0000	11
		_lcd_Initialize		CODE           	0429	0000	51
		_delay_ms      		CODE           	0400	0000	41
		_motor_SetSpeed		CODE           	038A	0000	21
		_motor_Initialize		CODE           	0352	0000	16
		_lcd_DelayPulse		CODE           	030A	0000	5
		_lcd_DelaySetupTime		CODE           	0305	0000	5

program.c estimated size: 1061

C:\Program Files\Microchip\xc8\v2.50\pic\sources\c99\common\memset.c
		_memset        		CODE           	03CC	0000	23

C:\Program Files\Microchip\xc8\v2.50\pic\sources\c99\common\memset.c estimated size: 23

shared
		__initialization		CODE           	07FD	0000	1

shared estimated size: 1

C:\Program Files\Microchip\xc8\v2.50\pic\sources\c99\common\aldiv.c
		___aldiv       		CODE           	051A	0000	139

C:\Program Files\Microchip\xc8\v2.50\pic\sources\c99\common\aldiv.c estimated size: 139

C:\Program Files\Microchip\xc8\v2.50\pic\sources\c99\common\labs.c
		_labs          		CODE           	0375	0000	21

C:\Program Files\Microchip\xc8\v2.50\pic\sources\c99\common\labs.c estimated size: 21

C:\Program Files\Microchip\xc8\v2.50\pic\sources\c99\common\Umul8.c
		___bmul        		CODE           	0362	0000	19

C:\Program Files\Microchip\xc8\v2.50\pic\sources\c99\common\Umul8.c estimated size: 19

main.c
		_main          		CODE           	030F	0000	9

main.c estimated size: 9

